2X
5050
ABOVE
ADAPT
ADDITIVE
ALPHA
ALPHA2
ALPHASLIDE
ANGLE
ARBITRARY
ARBTXT
ARBVAL
AVS_VER
BANDS
BANDTXT
BBLUE
BEATDUR
BELOW
BGR
BGREEN
BIN
BKGND_RENDER
BLANKS
BLEND
BLENDSLIDE
BLUE
BOTTOM
BPM
BPMADV
BPMSTD
BPP_CONV
BRED
BRG
BUTTON1
BUTTON2
BUTTON3
BUTTON4
C1
C2
C3
C4
C5
CBBUF1
CBBUF2
CENTER
CFG_SVP
CHECK1
CHECK10
CHECK11
CHECK2
CHECK3
CHECK4
CHECK5
CHECK6
CHECK7
CHECK8
CHECK9
CHOOSEFONT
CLEAR
CLEAR2
CLEARFIRSTFRAME
CLONESEL
CODE1
CODE2
CODE3
COMBO1
COMBO2
CONFIDENCE
CURBPM
CURCONF
DAMP
DEBUGREG_1
DEBUGREG_10
DEBUGREG_11
DEBUGREG_12
DEBUGREG_13
DEBUGREG_14
DEBUGREG_15
DEBUGREG_16
DEBUGREG_2
DEBUGREG_3
DEBUGREG_4
DEBUGREG_5
DEBUGREG_6
DEBUGREG_7
DEBUGREG_8
DEBUGREG_9
DEFAULTBLEND
DEFCOL
DEFOUTCOL
DEFOVERLAYCOLOR
DEFRENDBLEND
DEPTH
DEPTH2
DISSOC
DISTANCE
DISTANCE2
DIV2
DONT_MIN_AVS
DOT
DOTS
DROP_BOTTOM
DROP_CENTER
DROP_LEFT
DROP_MIDDLE
DROP_RIGHT
DROP_TOP
EDIT
EDIT1
EDIT10
EDIT11
EDIT12
EDIT13
EDIT14
EDIT15
EDIT16
EDIT2
EDIT3
EDIT4
EDIT5
EDIT6
EDIT66
EDIT7
EDIT8
EDIT9
EFFECTRECT
EFFECTS
EFNAME
ENABLED
EXCLUDE
FBCLEAR
FPS
FR1
FR2
GBR
GRB
GREEN
HCENTER
HELPBTN
HLEFT
HORIZONTAL1
HORIZONTAL2
HRESET
HRIGHT
HSHIFT
IN
INITROT
INSLIDE
INVERT
INVERT1
INVERT2
INVERTDEPTH
LABEL1
LC
LC2
LEFT
LEFTCH
LEVELS
LEVELTEXT
LIB
LINES
LINES2
LINES3
LIST1
LOAD
L_ACTIVEOUTPUT
L_FRAME
L_MASK
L_PROJZONES
L_SUPPRESS_DIALOGS
L_SUPPRESS_OUTPUT
L_SYNC
L_TEXT1
MAX
METHOD_SLUDGE
MIDCH
MOREADAPT
MOVEDOWN
MOVEUP
NEAR
NEWADAPT
NEWRESET
NOMOVEMENT
NPOINTS
NUMCOL
NUMSTARS
OFF
ONBEAT
ONBEAT2
ONLYSTICKY
OSC
OUT
OUTLINE
OUTLINESIZE
OUTSLIDE
OVERLAYCOLOR
PERSIST
PERSIST_TEXT1
PERSIST_TEXT2
PERSIST_TITLE
PLAIN
QUALITY
QUALITY2
RADIO1
RADIO2
RADIO3
RADIO4
RADIO5
RADIO6
RADIO7
RADIUS
RANDOMPOS
RANDOM_DROP
RANDWORD
RATIO
RBG
RC
RED
REMSEL
REPLACE
RESET
RESTFB
RGB
RGB2
RIGHT
RIGHTCH
ROTATE
ROTATE2
ROUNDDOWN
ROUNDUP
RRECT
RSTACK_BLEND1
RSTACK_BLEND10
RSTACK_BLEND11
RSTACK_BLEND12
RSTACK_BLEND2
RSTACK_BLEND3
RSTACK_BLEND4
RSTACK_BLEND5
RSTACK_BLEND6
RSTACK_BLEND7
RSTACK_BLEND8
RSTACK_BLEND9
SA
SAVE
SAVEFB
SCROLLBAR1
SETDESKTOPCOLOR
SETTINGS
SHADOW
SKIP
SKIPFIRST
SKIPFIRSTTXT
SKIPTXT
SKIPVAL
SLIDER1
SLIDER2
SLIDER3
SLIDER4
SLIDER5
SLIDER6
SLIDER7
SLOWER
SMOOTH
SOLID
SPDCHG
SPDDUR
SPEC
SPEED
STAT
STATGRAIN
STATIC
STATIC_ALPHA
STATIC_TRANS_NONE
STATIC_TRANS_TOTAL
STICK
STICKY
T
TAB1
TEXT
THREADS
THREADSBORDER
THREAD_PRIORITY
TOP
TRANSITION
TRANS_CHECK
TRANS_SLIDER
TREE1
TRI
UNSTICK
USE_OVERLAY
VBOTTOM
VCENTER
VERSTR
VERTICAL1
VERTICAL2
VIS_CFG
VIS_FS
VIS_MENU
VIS_NEXT
VIS_PREV
VIS_RANDOM
VRESET
VSHIFT
VTOP
WAVE
WRAP
X
X0125
X025
X05
X2
X3
X4
X8
XI
XS
X_RATIO
Y
Y2
Y_RATIO
